../Core/Src/main.c:66:6:delay	16	static
../Core/Src/main.c:80:6:Set_Pin_Output	40	static
../Core/Src/main.c:89:6:Set_Pin_Input	40	static
../Core/Src/main.c:103:6:DHT11_Start	8	static
../Core/Src/main.c:113:9:DHT11_Check_Response	16	static
../Core/Src/main.c:128:9:DHT11_Read	16	static
../Core/Src/main.c:150:5:main	8	static
../Core/Src/main.c:220:6:SystemClock_Config	88	static
../Core/Src/main.c:266:13:MX_TIM6_Init	16	static
../Core/Src/main.c:304:13:MX_USART2_UART_Init	8	static
../Core/Src/main.c:337:13:MX_GPIO_Init	40	static
../Core/Src/main.c:362:6:HAL_UART_RxCpltCallback	16	static
../Core/Src/main.c:412:6:Error_Handler	4	static,ignoring_inline_asm
